###############################################################################
#
# IAR ELF Linker V9.10.2.313/W64 for ARM                  01/Jul/2021  21:34:37
# Copyright 2007-2021 IAR Systems AB.
#
#    Output file  =
#        C:\Users\User\Documents\1 Semestre\Sistemas
#        Embarcados\Laboratórios\Lab1\Laboratorio_01\Projects\simple_io_main_sp\Debug\Exe\simple_io_main_sp.out
#    Map file     =
#        C:\Users\User\Documents\1 Semestre\Sistemas
#        Embarcados\Laboratórios\Lab1\Laboratorio_01\Projects\simple_io_main_sp\Debug\List\simple_io_main_sp.map
#    Command line =
#        -f "C:\Users\User\Documents\1 Semestre\Sistemas
#        Embarcados\Laboratórios\Lab1\Laboratorio_01\Projects\simple_io_main_sp\Debug\Exe\simple_io_main_sp.out.rsp"
#        ("C:\Users\User\Documents\1 Semestre\Sistemas
#        Embarcados\Laboratórios\Lab1\Laboratorio_01\TivaWare_C_Series-2.1.4.178\driverlib\ewarm\Exe\driverlib.a"
#        "C:\Users\User\Documents\1 Semestre\Sistemas
#        Embarcados\Laboratórios\Lab1\Laboratorio_01\Projects\simple_io_main_sp\Debug\Obj\simple_io_main_sp.o"
#        "C:\Users\User\Documents\1 Semestre\Sistemas
#        Embarcados\Laboratórios\Lab1\Laboratorio_01\Projects\simple_io_main_sp\Debug\Obj\startup_TM4C1294.o"
#        "C:\Users\User\Documents\1 Semestre\Sistemas
#        Embarcados\Laboratórios\Lab1\Laboratorio_01\Projects\simple_io_main_sp\Debug\Obj\system_TM4C1294_TW.o"
#        --no_out_extension -o "C:\Users\User\Documents\1 Semestre\Sistemas
#        Embarcados\Laboratórios\Lab1\Laboratorio_01\Projects\simple_io_main_sp\Debug\Exe\simple_io_main_sp.out"
#        --map "C:\Users\User\Documents\1 Semestre\Sistemas
#        Embarcados\Laboratórios\Lab1\Laboratorio_01\Projects\simple_io_main_sp\Debug\List\simple_io_main_sp.map"
#        --config "C:\Program Files\IAR Systems\Embedded Workbench
#        9.0\arm\config\linker\TexasInstruments\TM4C1294NC.icf" --semihosting
#        --entry __iar_program_start --vfe --text_out locale)
#
###############################################################################

*******************************************************************************
*** RUNTIME MODEL ATTRIBUTES
***

CppFlavor       = *
__SystemLibrary = DLib
__dlib_version  = 6


*******************************************************************************
*** HEAP SELECTION
***

The basic heap was selected because some modules are built with
size limitations (and not runtime checking), and --advanced_heap
was not specified.


*******************************************************************************
*** PLACEMENT SUMMARY
***

"A0":  place at address 0x0 { ro section .intvec };
"P1":  place in [from 0x0 to 0xf'ffff] { ro };
define block CSTACK with size = 32K, alignment = 8 { };
define block HEAP with size = 64K, alignment = 8 { };
"P2":  place in [from 0x2000'0000 to 0x2003'ffff] {
          rw, block CSTACK, block HEAP };

  Section          Kind         Address    Size  Object
  -------          ----         -------    ----  ------
"A0":                                     0x3c0
  .intvec          ro code          0x0   0x3c0  startup_TM4C1294.o [1]
                                - 0x3c0   0x3c0

"P1":                                     0x800
  .text            ro code        0x3c0   0x2a8  sysctl.o [3]
  .rodata          const          0x668   0x1b0  sysctl.o [3]
  .text            ro code        0x818   0x14e  gpio.o [3]
  .text            ro code        0x966     0x2  startup_TM4C1294.o [1]
  .text            ro code        0x968    0x7c  simple_io_main_sp.o [1]
  .text            ro code        0x9e4    0x28  systick.o [3]
  .rodata          const          0xa0c    0x6c  sysctl.o [3]
  .text            ro code        0xa78    0x38  zero_init3.o [4]
  .rodata          const          0xab0    0x30  sysctl.o [3]
  .text            ro code        0xae0    0x30  system_TM4C1294_TW.o [1]
  .text            ro code        0xb10    0x28  data_init.o [4]
  .iar.init_table  const          0xb38    0x10  - Linker created -
  .text            ro code        0xb48    0x1e  cmain.o [4]
  .text            ro code        0xb66     0x4  low_level_init.o [2]
  .text            ro code        0xb6a     0x4  exit.o [2]
  .text            ro code        0xb70     0xa  cexit.o [4]
  .text            ro code        0xb7c    0x14  exit.o [5]
  .text            ro code        0xb90    0x1c  cstartup_M.o [4]
  .text            ro code        0xbac    0x14  startup_TM4C1294.o [1]
  .rodata          const          0xbc0     0x0  zero_init3.o [4]
                                - 0xbc0   0x800

"P2", part 1 of 2:                          0x4
  .bss             zero     0x2000'0000     0x1  simple_io_main_sp.o [1]
                          - 0x2000'0001     0x1

"P2", part 2 of 2:                       0x8004
  .noinit          uninit   0x2000'0004     0x4  system_TM4C1294_TW.o [1]
  CSTACK                    0x2000'0008  0x8000  <Block>
    CSTACK         uninit   0x2000'0008  0x8000  <Block tail>
                          - 0x2000'8008  0x8004

Unused ranges:

         From           To      Size
         ----           --      ----
        0xbc0     0xf'ffff  0xf'f440
  0x2000'8008  0x2003'ffff  0x3'7ff8


*******************************************************************************
*** INIT TABLE
***

          Address      Size
          -------      ----
Zero (__iar_zero_init3)
    1 destination range, total size 0x1:
          0x2000'0000   0x1



*******************************************************************************
*** MODULE SUMMARY
***

    Module                ro code  ro data  rw data
    ------                -------  -------  -------
command line/config:
    -----------------------------------------------
    Total:

C:\Users\User\Documents\1 Semestre\Sistemas Embarcados\Laboratórios\Lab1\Laboratorio_01\Projects\simple_io_main_sp\Debug\Obj: [1]
    simple_io_main_sp.o       124                 1
    startup_TM4C1294.o        982
    system_TM4C1294_TW.o       48                 4
    -----------------------------------------------
    Total:                  1'154                 5

dl7M_tln.a: [2]
    exit.o                      4
    low_level_init.o            4
    -----------------------------------------------
    Total:                      8

driverlib.a: [3]
    gpio.o                    334
    sysctl.o                  680      588
    systick.o                  40
    -----------------------------------------------
    Total:                  1'054      588

rt7M_tl.a: [4]
    cexit.o                    10
    cmain.o                    30
    cstartup_M.o               28
    data_init.o                40
    zero_init3.o               56
    -----------------------------------------------
    Total:                    164

shb_l.a: [5]
    exit.o                     20
    -----------------------------------------------
    Total:                     20

    Gaps                        4
    Linker created                      16   32'768
---------------------------------------------------
    Grand Total:            2'404      604   32'773


*******************************************************************************
*** ENTRY LIST
***

Entry                       Address   Size  Type      Object
-----                       -------   ----  ----      ------
.iar.init_table$$Base         0xb38          --   Gb  - Linker created -
.iar.init_table$$Limit        0xb48          --   Gb  - Linker created -
?main                         0xb49         Code  Gb  cmain.o [4]
CSTACK$$Base            0x2000'0008          --   Gb  - Linker created -
CSTACK$$Limit           0x2000'8008          --   Gb  - Linker created -
GPIODirModeSet                0x819   0x28  Code  Gb  gpio.o [3]
GPIOPadConfigSet              0x841  0x102  Code  Gb  gpio.o [3]
GPIOPinTypeGPIOOutput         0x94b    0xa  Code  Gb  gpio.o [3]
GPIOPinWrite                  0x943    0x8  Code  Gb  gpio.o [3]
LED_D4                  0x2000'0000    0x1  Data  Gb  simple_io_main_sp.o [1]
Region$$Table$$Base           0xb38          --   Gb  - Linker created -
Region$$Table$$Limit          0xb48          --   Gb  - Linker created -
SysCtlClockFreqSet            0x42d  0x1fc  Code  Gb  sysctl.o [3]
SysCtlDelay                   0x425    0x8  Code  Gb  sysctl.o [3]
SysCtlPeripheralEnable        0x405    0x8  Code  Gb  sysctl.o [3]
SysCtlPeripheralReady         0x3e3    0x8  Code  Gb  sysctl.o [3]
SysTickEnable                 0x9e5    0xc  Code  Gb  systick.o [3]
SysTickIntEnable              0x9f1    0xc  Code  Gb  systick.o [3]
SysTickPeriodSet              0x9fd    0x8  Code  Gb  systick.o [3]
SysTick_Handler               0x969   0x1c  Code  Gb  simple_io_main_sp.o [1]
SystemCoreClock         0x2000'0004    0x4  Data  Gb  system_TM4C1294_TW.o [1]
SystemInit                    0xae1   0x1c  Code  Gb  system_TM4C1294_TW.o [1]
_SysCtlMemTimingGet           0x3c1   0x22  Code  Lc  sysctl.o [3]
__Vectors                       0x0          --   Gb  startup_TM4C1294.o [1]
__Vectors_End                 0x3c0         Data  Gb  startup_TM4C1294.o [1]
__Vectors_Size {Abs}          0x3c0          --   Gb  startup_TM4C1294.o [1]
__cmain                       0xb49         Code  Gb  cmain.o [4]
__exit                        0xb7d   0x14  Code  Gb  exit.o [5]
__iar_data_init3              0xb11   0x28  Code  Gb  data_init.o [4]
__iar_init_vfp                0xbb5         Code  Wk  startup_TM4C1294.o [1]
__iar_program_start           0xb91         Code  Gb  cstartup_M.o [4]
__iar_zero_init3              0xa79   0x38  Code  Gb  zero_init3.o [4]
__low_level_init              0xb67    0x4  Code  Gb  low_level_init.o [2]
__vector_table                  0x0         Data  Gb  startup_TM4C1294.o [1]
__vector_table_0x1c            0x1c         Data  Gb  startup_TM4C1294.o [1]
_call_main                    0xb55         Code  Gb  cmain.o [4]
_exit                         0xb71         Code  Gb  cexit.o [4]
exit                          0xb6b    0x4  Code  Gb  exit.o [2]
g_pppui32XTALtoVCO            0x668  0x1b0  Data  Lc  sysctl.o [3]
g_pui32VCOFrequencies         0x660    0x8  Data  Lc  sysctl.o [3]
g_pui32Xtals                  0xa0c   0x6c  Data  Lc  sysctl.o [3]
g_sXTALtoMEMTIM               0xab0   0x30  Data  Lc  sysctl.o [3]
main                          0x985   0x4a  Code  Gb  simple_io_main_sp.o [1]


[1] = C:\Users\User\Documents\1 Semestre\Sistemas Embarcados\Laboratórios\Lab1\Laboratorio_01\Projects\simple_io_main_sp\Debug\Obj
[2] = dl7M_tln.a
[3] = driverlib.a
[4] = rt7M_tl.a
[5] = shb_l.a

   2'404 bytes of readonly  code memory
     604 bytes of readonly  data memory
  32'773 bytes of readwrite data memory

Errors: none
Warnings: none
